Classic Timing Analyzer report for SingleCycle
Thu Oct 21 03:46:01 2010
Quartus II Version 9.1 Build 350 03/24/2010 Service Pack 2 SJ Web Edition


---------------------
; Table of Contents ;
---------------------
  1. Legal Notice
  2. Timing Analyzer Summary
  3. Timing Analyzer Settings
  4. Clock Settings Summary
  5. Parallel Compilation
  6. tsu
  7. tco
  8. th
  9. Timing Analyzer Messages



----------------
; Legal Notice ;
----------------
Copyright (C) 1991-2010 Altera Corporation
Your use of Altera Corporation's design tools, logic functions 
and other software and tools, and its AMPP partner logic 
functions, and any output files from any of the foregoing 
(including device programming or simulation files), and any 
associated documentation or information are expressly subject 
to the terms and conditions of the Altera Program License 
Subscription Agreement, Altera MegaCore Function License 
Agreement, or other applicable license agreement, including, 
without limitation, that your use is for the sole purpose of 
programming logic devices manufactured by Altera and sold by 
Altera or its authorized distributors.  Please refer to the 
applicable agreement for further details.



+----------------------------------------------------------------------------------------------------------------------------------------------+
; Timing Analyzer Summary                                                                                                                      ;
+------------------------------+-------+---------------+-------------+----------------+----------------+------------+-----------+--------------+
; Type                         ; Slack ; Required Time ; Actual Time ; From           ; To             ; From Clock ; To Clock  ; Failed Paths ;
+------------------------------+-------+---------------+-------------+----------------+----------------+------------+-----------+--------------+
; Worst-case tsu               ; N/A   ; None          ; 5.974 ns    ; opcode[0]      ; RegWrite$latch ; --         ; opcode[5] ; 0            ;
; Worst-case tco               ; N/A   ; None          ; 12.333 ns   ; ALUOp[0]$latch ; ALUOp[0]       ; shamt[0]   ; --        ; 0            ;
; Worst-case th                ; N/A   ; None          ; 4.754 ns    ; func[0]        ; ALUOp[3]$latch ; --         ; shamt[0]  ; 0            ;
; Total number of failed paths ;       ;               ;             ;                ;                ;            ;           ; 0            ;
+------------------------------+-------+---------------+-------------+----------------+----------------+------------+-----------+--------------+


+-----------------------------------------------------------------------------------------------------------------------------------------------------+
; Timing Analyzer Settings                                                                                                                            ;
+------------------------------------------------------------------------------------------------------+--------------------+------+----+-------------+
; Option                                                                                               ; Setting            ; From ; To ; Entity Name ;
+------------------------------------------------------------------------------------------------------+--------------------+------+----+-------------+
; Device Name                                                                                          ; EP2C35F672C6       ;      ;    ;             ;
; Timing Models                                                                                        ; Final              ;      ;    ;             ;
; Default hold multicycle                                                                              ; Same as Multicycle ;      ;    ;             ;
; Cut paths between unrelated clock domains                                                            ; On                 ;      ;    ;             ;
; Cut off read during write signal paths                                                               ; On                 ;      ;    ;             ;
; Cut off feedback from I/O pins                                                                       ; On                 ;      ;    ;             ;
; Report Combined Fast/Slow Timing                                                                     ; Off                ;      ;    ;             ;
; Ignore Clock Settings                                                                                ; Off                ;      ;    ;             ;
; Analyze latches as synchronous elements                                                              ; On                 ;      ;    ;             ;
; Enable Recovery/Removal analysis                                                                     ; Off                ;      ;    ;             ;
; Enable Clock Latency                                                                                 ; Off                ;      ;    ;             ;
; Use TimeQuest Timing Analyzer                                                                        ; Off                ;      ;    ;             ;
; Minimum Core Junction Temperature                                                                    ; 0                  ;      ;    ;             ;
; Maximum Core Junction Temperature                                                                    ; 85                 ;      ;    ;             ;
; Number of source nodes to report per destination node                                                ; 10                 ;      ;    ;             ;
; Number of destination nodes to report                                                                ; 10                 ;      ;    ;             ;
; Number of paths to report                                                                            ; 200                ;      ;    ;             ;
; Report Minimum Timing Checks                                                                         ; Off                ;      ;    ;             ;
; Use Fast Timing Models                                                                               ; Off                ;      ;    ;             ;
; Report IO Paths Separately                                                                           ; Off                ;      ;    ;             ;
; Perform Multicorner Analysis                                                                         ; On                 ;      ;    ;             ;
; Reports the worst-case path for each clock domain and analysis                                       ; Off                ;      ;    ;             ;
; Reports worst-case timing paths for each clock domain and analysis                                   ; On                 ;      ;    ;             ;
; Specifies the maximum number of worst-case timing paths to report for each clock domain and analysis ; 100                ;      ;    ;             ;
; Removes common clock path pessimism (CCPP) during slack computation                                  ; Off                ;      ;    ;             ;
; Output I/O Timing Endpoint                                                                           ; Near End           ;      ;    ;             ;
+------------------------------------------------------------------------------------------------------+--------------------+------+----+-------------+


+------------------------------------------------------------------------------------------------------------------------------------------------------------------------------------+
; Clock Settings Summary                                                                                                                                                             ;
+-----------------+--------------------+----------+------------------+---------------+--------------+----------+-----------------------+---------------------+--------+--------------+
; Clock Node Name ; Clock Setting Name ; Type     ; Fmax Requirement ; Early Latency ; Late Latency ; Based on ; Multiply Base Fmax by ; Divide Base Fmax by ; Offset ; Phase offset ;
+-----------------+--------------------+----------+------------------+---------------+--------------+----------+-----------------------+---------------------+--------+--------------+
; opcode[5]       ;                    ; User Pin ; None             ; 0.000 ns      ; 0.000 ns     ; --       ; N/A                   ; N/A                 ; N/A    ;              ;
; opcode[3]       ;                    ; User Pin ; None             ; 0.000 ns      ; 0.000 ns     ; --       ; N/A                   ; N/A                 ; N/A    ;              ;
; opcode[4]       ;                    ; User Pin ; None             ; 0.000 ns      ; 0.000 ns     ; --       ; N/A                   ; N/A                 ; N/A    ;              ;
; opcode[2]       ;                    ; User Pin ; None             ; 0.000 ns      ; 0.000 ns     ; --       ; N/A                   ; N/A                 ; N/A    ;              ;
; opcode[1]       ;                    ; User Pin ; None             ; 0.000 ns      ; 0.000 ns     ; --       ; N/A                   ; N/A                 ; N/A    ;              ;
; opcode[0]       ;                    ; User Pin ; None             ; 0.000 ns      ; 0.000 ns     ; --       ; N/A                   ; N/A                 ; N/A    ;              ;
; func[5]         ;                    ; User Pin ; None             ; 0.000 ns      ; 0.000 ns     ; --       ; N/A                   ; N/A                 ; N/A    ;              ;
; func[0]         ;                    ; User Pin ; None             ; 0.000 ns      ; 0.000 ns     ; --       ; N/A                   ; N/A                 ; N/A    ;              ;
; func[3]         ;                    ; User Pin ; None             ; 0.000 ns      ; 0.000 ns     ; --       ; N/A                   ; N/A                 ; N/A    ;              ;
; func[4]         ;                    ; User Pin ; None             ; 0.000 ns      ; 0.000 ns     ; --       ; N/A                   ; N/A                 ; N/A    ;              ;
; func[2]         ;                    ; User Pin ; None             ; 0.000 ns      ; 0.000 ns     ; --       ; N/A                   ; N/A                 ; N/A    ;              ;
; func[1]         ;                    ; User Pin ; None             ; 0.000 ns      ; 0.000 ns     ; --       ; N/A                   ; N/A                 ; N/A    ;              ;
; shamt[4]        ;                    ; User Pin ; None             ; 0.000 ns      ; 0.000 ns     ; --       ; N/A                   ; N/A                 ; N/A    ;              ;
; shamt[1]        ;                    ; User Pin ; None             ; 0.000 ns      ; 0.000 ns     ; --       ; N/A                   ; N/A                 ; N/A    ;              ;
; shamt[2]        ;                    ; User Pin ; None             ; 0.000 ns      ; 0.000 ns     ; --       ; N/A                   ; N/A                 ; N/A    ;              ;
; shamt[3]        ;                    ; User Pin ; None             ; 0.000 ns      ; 0.000 ns     ; --       ; N/A                   ; N/A                 ; N/A    ;              ;
; shamt[0]        ;                    ; User Pin ; None             ; 0.000 ns      ; 0.000 ns     ; --       ; N/A                   ; N/A                 ; N/A    ;              ;
+-----------------+--------------------+----------+------------------+---------------+--------------+----------+-----------------------+---------------------+--------+--------------+


Parallel compilation was disabled, but you have multiple processors available. Enable parallel compilation to reduce compilation time.
+-------------------------------------+
; Parallel Compilation                ;
+----------------------------+--------+
; Processors                 ; Number ;
+----------------------------+--------+
; Number detected on machine ; 2      ;
; Maximum allowed            ; 1      ;
+----------------------------+--------+


+-----------------------------------------------------------------------------------------------------------------------------------------------------+
; tsu                                                                                                                                                 ;
+-----------------------------------------+-----------------------------------------------------+------------+-----------+----------------+-----------+
; Slack                                   ; Required tsu                                        ; Actual tsu ; From      ; To             ; To Clock  ;
+-----------------------------------------+-----------------------------------------------------+------------+-----------+----------------+-----------+
; N/A                                     ; None                                                ; 5.974 ns   ; opcode[0] ; RegWrite$latch ; opcode[5] ;
; N/A                                     ; None                                                ; 5.955 ns   ; opcode[2] ; RegWrite$latch ; opcode[5] ;
; N/A                                     ; None                                                ; 5.849 ns   ; opcode[0] ; RegWrite$latch ; opcode[3] ;
; N/A                                     ; None                                                ; 5.830 ns   ; opcode[2] ; RegWrite$latch ; opcode[3] ;
; N/A                                     ; None                                                ; 5.410 ns   ; opcode[0] ; RegWrite$latch ; opcode[4] ;
; N/A                                     ; None                                                ; 5.391 ns   ; opcode[2] ; RegWrite$latch ; opcode[4] ;
; N/A                                     ; None                                                ; 5.183 ns   ; opcode[0] ; RegWrite$latch ; opcode[2] ;
; N/A                                     ; None                                                ; 5.164 ns   ; opcode[2] ; RegWrite$latch ; opcode[2] ;
; N/A                                     ; None                                                ; 5.127 ns   ; opcode[0] ; RegWrite$latch ; opcode[1] ;
; N/A                                     ; None                                                ; 5.108 ns   ; opcode[2] ; RegWrite$latch ; opcode[1] ;
; N/A                                     ; None                                                ; 4.878 ns   ; opcode[0] ; ALUOp[0]$latch ; opcode[2] ;
; N/A                                     ; None                                                ; 4.859 ns   ; opcode[2] ; ALUOp[0]$latch ; opcode[2] ;
; N/A                                     ; None                                                ; 4.846 ns   ; opcode[3] ; ALUOp[1]$latch ; opcode[2] ;
; N/A                                     ; None                                                ; 4.759 ns   ; opcode[1] ; ALUOp[1]$latch ; opcode[2] ;
; N/A                                     ; None                                                ; 4.745 ns   ; opcode[0] ; ALUOp[0]$latch ; opcode[5] ;
; N/A                                     ; None                                                ; 4.726 ns   ; opcode[2] ; ALUOp[0]$latch ; opcode[5] ;
; N/A                                     ; None                                                ; 4.721 ns   ; opcode[0] ; ALUOp[0]$latch ; func[5]   ;
; N/A                                     ; None                                                ; 4.713 ns   ; opcode[3] ; ALUOp[1]$latch ; opcode[5] ;
; N/A                                     ; None                                                ; 4.702 ns   ; opcode[2] ; ALUOp[0]$latch ; func[5]   ;
; N/A                                     ; None                                                ; 4.689 ns   ; opcode[3] ; ALUOp[1]$latch ; func[5]   ;
; N/A                                     ; None                                                ; 4.668 ns   ; opcode[2] ; ALUOp[1]$latch ; opcode[2] ;
; N/A                                     ; None                                                ; 4.626 ns   ; opcode[1] ; ALUOp[1]$latch ; opcode[5] ;
; N/A                                     ; None                                                ; 4.602 ns   ; opcode[1] ; ALUOp[1]$latch ; func[5]   ;
; N/A                                     ; None                                                ; 4.590 ns   ; opcode[0] ; ALUOp[1]$latch ; opcode[2] ;
; N/A                                     ; None                                                ; 4.571 ns   ; opcode[0] ; ALUOp[0]$latch ; opcode[0] ;
; N/A                                     ; None                                                ; 4.552 ns   ; opcode[2] ; ALUOp[0]$latch ; opcode[0] ;
; N/A                                     ; None                                                ; 4.539 ns   ; opcode[3] ; ALUOp[1]$latch ; opcode[0] ;
; N/A                                     ; None                                                ; 4.535 ns   ; opcode[2] ; ALUOp[1]$latch ; opcode[5] ;
; N/A                                     ; None                                                ; 4.511 ns   ; opcode[2] ; ALUOp[1]$latch ; func[5]   ;
; N/A                                     ; None                                                ; 4.502 ns   ; func[1]   ; ALUOp[2]$latch ; opcode[2] ;
; N/A                                     ; None                                                ; 4.502 ns   ; opcode[0] ; ALUOp[0]$latch ; opcode[3] ;
; N/A                                     ; None                                                ; 4.483 ns   ; opcode[2] ; ALUOp[0]$latch ; opcode[3] ;
; N/A                                     ; None                                                ; 4.470 ns   ; opcode[3] ; ALUOp[1]$latch ; opcode[3] ;
; N/A                                     ; None                                                ; 4.457 ns   ; opcode[0] ; ALUOp[1]$latch ; opcode[5] ;
; N/A                                     ; None                                                ; 4.452 ns   ; opcode[1] ; ALUOp[1]$latch ; opcode[0] ;
; N/A                                     ; None                                                ; 4.433 ns   ; opcode[0] ; ALUOp[1]$latch ; func[5]   ;
; N/A                                     ; None                                                ; 4.428 ns   ; func[1]   ; ALUOp[0]$latch ; opcode[2] ;
; N/A                                     ; None                                                ; 4.383 ns   ; opcode[1] ; ALUOp[1]$latch ; opcode[3] ;
; N/A                                     ; None                                                ; 4.369 ns   ; func[1]   ; ALUOp[2]$latch ; opcode[5] ;
; N/A                                     ; None                                                ; 4.361 ns   ; opcode[2] ; ALUOp[1]$latch ; opcode[0] ;
; N/A                                     ; None                                                ; 4.345 ns   ; func[1]   ; ALUOp[2]$latch ; func[5]   ;
; N/A                                     ; None                                                ; 4.343 ns   ; func[0]   ; ALUOp[2]$latch ; opcode[2] ;
; N/A                                     ; None                                                ; 4.341 ns   ; opcode[0] ; ALUOp[0]$latch ; func[0]   ;
; N/A                                     ; None                                                ; 4.333 ns   ; opcode[0] ; ALUOp[0]$latch ; opcode[4] ;
; N/A                                     ; None                                                ; 4.322 ns   ; opcode[2] ; ALUOp[0]$latch ; func[0]   ;
; N/A                                     ; None                                                ; 4.314 ns   ; opcode[2] ; ALUOp[0]$latch ; opcode[4] ;
; N/A                                     ; None                                                ; 4.309 ns   ; opcode[3] ; ALUOp[1]$latch ; func[0]   ;
; N/A                                     ; None                                                ; 4.301 ns   ; opcode[4] ; ALUOp[1]$latch ; opcode[2] ;
; N/A                                     ; None                                                ; 4.301 ns   ; opcode[3] ; ALUOp[1]$latch ; opcode[4] ;
; N/A                                     ; None                                                ; 4.295 ns   ; func[1]   ; ALUOp[0]$latch ; opcode[5] ;
; N/A                                     ; None                                                ; 4.292 ns   ; opcode[2] ; ALUOp[1]$latch ; opcode[3] ;
; N/A                                     ; None                                                ; 4.283 ns   ; opcode[0] ; ALUOp[1]$latch ; opcode[0] ;
; N/A                                     ; None                                                ; 4.271 ns   ; func[1]   ; ALUOp[0]$latch ; func[5]   ;
; N/A                                     ; None                                                ; 4.222 ns   ; opcode[1] ; ALUOp[1]$latch ; func[0]   ;
; N/A                                     ; None                                                ; 4.214 ns   ; opcode[0] ; ALUOp[1]$latch ; opcode[3] ;
; N/A                                     ; None                                                ; 4.214 ns   ; opcode[1] ; ALUOp[1]$latch ; opcode[4] ;
; N/A                                     ; None                                                ; 4.210 ns   ; func[0]   ; ALUOp[2]$latch ; opcode[5] ;
; N/A                                     ; None                                                ; 4.209 ns   ; func[1]   ; ALUOp[1]$latch ; opcode[2] ;
; N/A                                     ; None                                                ; 4.196 ns   ; opcode[0] ; ALUOp[0]$latch ; opcode[1] ;
; N/A                                     ; None                                                ; 4.195 ns   ; func[1]   ; ALUOp[2]$latch ; opcode[0] ;
; N/A                                     ; None                                                ; 4.186 ns   ; func[0]   ; ALUOp[2]$latch ; func[5]   ;
; N/A                                     ; None                                                ; 4.177 ns   ; opcode[2] ; ALUOp[0]$latch ; opcode[1] ;
; N/A                                     ; None                                                ; 4.168 ns   ; opcode[4] ; ALUOp[1]$latch ; opcode[5] ;
; N/A                                     ; None                                                ; 4.164 ns   ; opcode[3] ; ALUOp[1]$latch ; opcode[1] ;
; N/A                                     ; None                                                ; 4.144 ns   ; opcode[4] ; ALUOp[1]$latch ; func[5]   ;
; N/A                                     ; None                                                ; 4.131 ns   ; opcode[2] ; ALUOp[1]$latch ; func[0]   ;
; N/A                                     ; None                                                ; 4.126 ns   ; func[1]   ; ALUOp[2]$latch ; opcode[3] ;
; N/A                                     ; None                                                ; 4.124 ns   ; opcode[0] ; ALUOp[0]$latch ; func[1]   ;
; N/A                                     ; None                                                ; 4.123 ns   ; opcode[2] ; ALUOp[1]$latch ; opcode[4] ;
; N/A                                     ; None                                                ; 4.121 ns   ; func[1]   ; ALUOp[0]$latch ; opcode[0] ;
; N/A                                     ; None                                                ; 4.105 ns   ; opcode[2] ; ALUOp[0]$latch ; func[1]   ;
; N/A                                     ; None                                                ; 4.092 ns   ; opcode[3] ; ALUOp[1]$latch ; func[1]   ;
; N/A                                     ; None                                                ; 4.085 ns   ; func[0]   ; ALUOp[1]$latch ; opcode[2] ;
; N/A                                     ; None                                                ; 4.081 ns   ; opcode[5] ; MemRead$latch  ; opcode[5] ;
; N/A                                     ; None                                                ; 4.077 ns   ; opcode[1] ; ALUOp[1]$latch ; opcode[1] ;
; N/A                                     ; None                                                ; 4.076 ns   ; func[1]   ; ALUOp[1]$latch ; opcode[5] ;
; N/A                                     ; None                                                ; 4.053 ns   ; opcode[0] ; ALUOp[1]$latch ; func[0]   ;
; N/A                                     ; None                                                ; 4.052 ns   ; func[1]   ; ALUOp[0]$latch ; opcode[3] ;
; N/A                                     ; None                                                ; 4.052 ns   ; func[1]   ; ALUOp[1]$latch ; func[5]   ;
; N/A                                     ; None                                                ; 4.045 ns   ; opcode[0] ; ALUOp[1]$latch ; opcode[4] ;
; N/A                                     ; None                                                ; 4.037 ns   ; opcode[3] ; MemRead$latch  ; opcode[5] ;
; N/A                                     ; None                                                ; 4.036 ns   ; func[0]   ; ALUOp[2]$latch ; opcode[0] ;
; N/A                                     ; None                                                ; 4.015 ns   ; opcode[5] ; ALUOp[1]$latch ; opcode[2] ;
; N/A                                     ; None                                                ; 4.005 ns   ; opcode[1] ; ALUOp[1]$latch ; func[1]   ;
; N/A                                     ; None                                                ; 3.994 ns   ; opcode[4] ; ALUOp[1]$latch ; opcode[0] ;
; N/A                                     ; None                                                ; 3.986 ns   ; opcode[2] ; ALUOp[1]$latch ; opcode[1] ;
; N/A                                     ; None                                                ; 3.967 ns   ; func[0]   ; ALUOp[2]$latch ; opcode[3] ;
; N/A                                     ; None                                                ; 3.965 ns   ; func[1]   ; ALUOp[2]$latch ; func[0]   ;
; N/A                                     ; None                                                ; 3.957 ns   ; func[1]   ; ALUOp[2]$latch ; opcode[4] ;
; N/A                                     ; None                                                ; 3.956 ns   ; opcode[5] ; MemRead$latch  ; opcode[3] ;
; N/A                                     ; None                                                ; 3.952 ns   ; func[0]   ; ALUOp[1]$latch ; opcode[5] ;
; N/A                                     ; None                                                ; 3.928 ns   ; func[0]   ; ALUOp[1]$latch ; func[5]   ;
; N/A                                     ; None                                                ; 3.925 ns   ; opcode[4] ; ALUOp[1]$latch ; opcode[3] ;
; N/A                                     ; None                                                ; 3.914 ns   ; opcode[2] ; ALUOp[1]$latch ; func[1]   ;
; N/A                                     ; None                                                ; 3.912 ns   ; opcode[3] ; MemRead$latch  ; opcode[3] ;
; N/A                                     ; None                                                ; 3.908 ns   ; opcode[0] ; ALUOp[1]$latch ; opcode[1] ;
; N/A                                     ; None                                                ; 3.902 ns   ; func[1]   ; ALUOp[1]$latch ; opcode[0] ;
; N/A                                     ; None                                                ; 3.891 ns   ; func[1]   ; ALUOp[0]$latch ; func[0]   ;
; N/A                                     ; None                                                ; 3.886 ns   ; opcode[2] ; MemRead$latch  ; opcode[5] ;
; N/A                                     ; None                                                ; 3.883 ns   ; func[1]   ; ALUOp[0]$latch ; opcode[4] ;
; N/A                                     ; None                                                ; 3.882 ns   ; opcode[5] ; ALUOp[1]$latch ; opcode[5] ;
; N/A                                     ; None                                                ; 3.858 ns   ; opcode[5] ; ALUOp[1]$latch ; func[5]   ;
; N/A                                     ; None                                                ; 3.855 ns   ; opcode[0] ; ALUOp[0]$latch ; func[2]   ;
; N/A                                     ; None                                                ; 3.836 ns   ; opcode[0] ; ALUOp[1]$latch ; func[1]   ;
; N/A                                     ; None                                                ; 3.836 ns   ; opcode[2] ; ALUOp[0]$latch ; func[2]   ;
; N/A                                     ; None                                                ; 3.833 ns   ; func[1]   ; ALUOp[1]$latch ; opcode[3] ;
; N/A                                     ; None                                                ; 3.823 ns   ; opcode[3] ; ALUOp[1]$latch ; func[2]   ;
; N/A                                     ; None                                                ; 3.820 ns   ; func[1]   ; ALUOp[2]$latch ; opcode[1] ;
; N/A                                     ; None                                                ; 3.818 ns   ; opcode[0] ; ALUOp[0]$latch ; shamt[4]  ;
; N/A                                     ; None                                                ; 3.810 ns   ; opcode[0] ; ALUOp[0]$latch ; func[3]   ;
; N/A                                     ; None                                                ; 3.806 ns   ; func[0]   ; ALUOp[2]$latch ; func[0]   ;
; N/A                                     ; None                                                ; 3.805 ns   ; opcode[0] ; MemRead$latch  ; opcode[5] ;
; N/A                                     ; None                                                ; 3.799 ns   ; opcode[2] ; ALUOp[0]$latch ; shamt[4]  ;
; N/A                                     ; None                                                ; 3.798 ns   ; func[0]   ; ALUOp[2]$latch ; opcode[4] ;
; N/A                                     ; None                                                ; 3.791 ns   ; opcode[2] ; ALUOp[0]$latch ; func[3]   ;
; N/A                                     ; None                                                ; 3.786 ns   ; opcode[3] ; ALUOp[1]$latch ; shamt[4]  ;
; N/A                                     ; None                                                ; 3.778 ns   ; func[0]   ; ALUOp[1]$latch ; opcode[0] ;
; N/A                                     ; None                                                ; 3.778 ns   ; opcode[3] ; ALUOp[1]$latch ; func[3]   ;
; N/A                                     ; None                                                ; 3.764 ns   ; opcode[4] ; ALUOp[1]$latch ; func[0]   ;
; N/A                                     ; None                                                ; 3.761 ns   ; opcode[2] ; MemRead$latch  ; opcode[3] ;
; N/A                                     ; None                                                ; 3.756 ns   ; opcode[4] ; ALUOp[1]$latch ; opcode[4] ;
; N/A                                     ; None                                                ; 3.754 ns   ; opcode[4] ; MemRead$latch  ; opcode[5] ;
; N/A                                     ; None                                                ; 3.748 ns   ; func[1]   ; ALUOp[2]$latch ; func[1]   ;
; N/A                                     ; None                                                ; 3.746 ns   ; func[1]   ; ALUOp[0]$latch ; opcode[1] ;
; N/A                                     ; None                                                ; 3.736 ns   ; opcode[1] ; ALUOp[1]$latch ; func[2]   ;
; N/A                                     ; None                                                ; 3.719 ns   ; opcode[0] ; ALUOp[0]$latch ; func[4]   ;
; N/A                                     ; None                                                ; 3.709 ns   ; func[0]   ; ALUOp[1]$latch ; opcode[3] ;
; N/A                                     ; None                                                ; 3.708 ns   ; opcode[5] ; ALUOp[1]$latch ; opcode[0] ;
; N/A                                     ; None                                                ; 3.700 ns   ; opcode[2] ; ALUOp[0]$latch ; func[4]   ;
; N/A                                     ; None                                                ; 3.699 ns   ; opcode[1] ; ALUOp[1]$latch ; shamt[4]  ;
; N/A                                     ; None                                                ; 3.691 ns   ; opcode[1] ; ALUOp[1]$latch ; func[3]   ;
; N/A                                     ; None                                                ; 3.687 ns   ; opcode[3] ; ALUOp[1]$latch ; func[4]   ;
; N/A                                     ; None                                                ; 3.680 ns   ; opcode[0] ; MemRead$latch  ; opcode[3] ;
; N/A                                     ; None                                                ; 3.674 ns   ; func[1]   ; ALUOp[0]$latch ; func[1]   ;
; N/A                                     ; None                                                ; 3.672 ns   ; func[1]   ; ALUOp[1]$latch ; func[0]   ;
; N/A                                     ; None                                                ; 3.668 ns   ; opcode[0] ; PCSrc$latch    ; opcode[5] ;
; N/A                                     ; None                                                ; 3.664 ns   ; func[1]   ; ALUOp[1]$latch ; opcode[4] ;
; N/A                                     ; None                                                ; 3.661 ns   ; func[0]   ; ALUOp[2]$latch ; opcode[1] ;
; N/A                                     ; None                                                ; 3.645 ns   ; opcode[2] ; ALUOp[1]$latch ; func[2]   ;
; N/A                                     ; None                                                ; 3.639 ns   ; opcode[5] ; ALUOp[1]$latch ; opcode[3] ;
; N/A                                     ; None                                                ; 3.629 ns   ; opcode[4] ; MemRead$latch  ; opcode[3] ;
; N/A                                     ; None                                                ; 3.619 ns   ; opcode[4] ; ALUOp[1]$latch ; opcode[1] ;
; N/A                                     ; None                                                ; 3.608 ns   ; opcode[2] ; ALUOp[1]$latch ; shamt[4]  ;
; N/A                                     ; None                                                ; 3.600 ns   ; opcode[1] ; ALUOp[1]$latch ; func[4]   ;
; N/A                                     ; None                                                ; 3.600 ns   ; opcode[2] ; ALUOp[1]$latch ; func[3]   ;
; N/A                                     ; None                                                ; 3.589 ns   ; func[0]   ; ALUOp[2]$latch ; func[1]   ;
; N/A                                     ; None                                                ; 3.579 ns   ; func[0]   ; RegWrite$latch ; opcode[5] ;
; N/A                                     ; None                                                ; 3.567 ns   ; opcode[0] ; ALUOp[1]$latch ; func[2]   ;
; N/A                                     ; None                                                ; 3.566 ns   ; zero      ; PCSrc$latch    ; opcode[5] ;
; N/A                                     ; None                                                ; 3.548 ns   ; func[0]   ; ALUOp[1]$latch ; func[0]   ;
; N/A                                     ; None                                                ; 3.547 ns   ; opcode[4] ; ALUOp[1]$latch ; func[1]   ;
; N/A                                     ; None                                                ; 3.543 ns   ; opcode[0] ; PCSrc$latch    ; opcode[3] ;
; N/A                                     ; None                                                ; 3.540 ns   ; func[0]   ; ALUOp[1]$latch ; opcode[4] ;
; N/A                                     ; None                                                ; 3.530 ns   ; opcode[0] ; ALUOp[1]$latch ; shamt[4]  ;
; N/A                                     ; None                                                ; 3.527 ns   ; func[1]   ; ALUOp[1]$latch ; opcode[1] ;
; N/A                                     ; None                                                ; 3.522 ns   ; opcode[0] ; ALUOp[1]$latch ; func[3]   ;
; N/A                                     ; None                                                ; 3.517 ns   ; opcode[5] ; MemRead$latch  ; opcode[4] ;
; N/A                                     ; None                                                ; 3.509 ns   ; opcode[2] ; ALUOp[1]$latch ; func[4]   ;
; N/A                                     ; None                                                ; 3.481 ns   ; opcode[0] ; ALUOp[2]$latch ; opcode[2] ;
; N/A                                     ; None                                                ; 3.479 ns   ; func[1]   ; ALUOp[2]$latch ; func[2]   ;
; N/A                                     ; None                                                ; 3.478 ns   ; opcode[2] ; PCSrc$latch    ; opcode[5] ;
; N/A                                     ; None                                                ; 3.478 ns   ; opcode[5] ; ALUOp[1]$latch ; func[0]   ;
; N/A                                     ; None                                                ; 3.473 ns   ; opcode[3] ; MemRead$latch  ; opcode[4] ;
; N/A                                     ; None                                                ; 3.470 ns   ; opcode[5] ; ALUOp[1]$latch ; opcode[4] ;
; N/A                                     ; None                                                ; 3.455 ns   ; func[1]   ; ALUOp[1]$latch ; func[1]   ;
; N/A                                     ; None                                                ; 3.454 ns   ; func[0]   ; RegWrite$latch ; opcode[3] ;
; N/A                                     ; None                                                ; 3.442 ns   ; func[1]   ; ALUOp[2]$latch ; shamt[4]  ;
; N/A                                     ; None                                                ; 3.441 ns   ; zero      ; PCSrc$latch    ; opcode[3] ;
; N/A                                     ; None                                                ; 3.434 ns   ; func[1]   ; ALUOp[2]$latch ; func[3]   ;
; N/A                                     ; None                                                ; 3.431 ns   ; opcode[0] ; ALUOp[1]$latch ; func[4]   ;
; N/A                                     ; None                                                ; 3.429 ns   ; func[1]   ; RegWrite$latch ; opcode[5] ;
; N/A                                     ; None                                                ; 3.405 ns   ; func[1]   ; ALUOp[0]$latch ; func[2]   ;
; N/A                                     ; None                                                ; 3.403 ns   ; func[0]   ; ALUOp[1]$latch ; opcode[1] ;
; N/A                                     ; None                                                ; 3.403 ns   ; opcode[1] ; MemRead$latch  ; opcode[5] ;
; N/A                                     ; None                                                ; 3.393 ns   ; opcode[3] ; MemWrite$latch ; opcode[5] ;
; N/A                                     ; None                                                ; 3.368 ns   ; func[1]   ; ALUOp[0]$latch ; shamt[4]  ;
; N/A                                     ; None                                                ; 3.360 ns   ; func[1]   ; ALUOp[0]$latch ; func[3]   ;
; N/A                                     ; None                                                ; 3.353 ns   ; opcode[2] ; PCSrc$latch    ; opcode[3] ;
; N/A                                     ; None                                                ; 3.348 ns   ; opcode[0] ; ALUOp[2]$latch ; opcode[5] ;
; N/A                                     ; None                                                ; 3.343 ns   ; func[1]   ; ALUOp[2]$latch ; func[4]   ;
; N/A                                     ; None                                                ; 3.333 ns   ; opcode[5] ; ALUOp[1]$latch ; opcode[1] ;
; N/A                                     ; None                                                ; 3.331 ns   ; func[0]   ; ALUOp[1]$latch ; func[1]   ;
; N/A                                     ; None                                                ; 3.324 ns   ; opcode[0] ; ALUOp[2]$latch ; func[5]   ;
; N/A                                     ; None                                                ; 3.323 ns   ; opcode[0] ; ALUOp[0]$latch ; shamt[1]  ;
; N/A                                     ; None                                                ; 3.322 ns   ; opcode[2] ; MemRead$latch  ; opcode[4] ;
; N/A                                     ; None                                                ; 3.320 ns   ; func[0]   ; ALUOp[2]$latch ; func[2]   ;
; N/A                                     ; None                                                ; 3.308 ns   ; opcode[0] ; ALUOp[3]$latch ; opcode[2] ;
; N/A                                     ; None                                                ; 3.304 ns   ; func[1]   ; RegWrite$latch ; opcode[3] ;
; N/A                                     ; None                                                ; 3.304 ns   ; opcode[2] ; ALUOp[0]$latch ; shamt[1]  ;
; N/A                                     ; None                                                ; 3.291 ns   ; opcode[3] ; ALUOp[1]$latch ; shamt[1]  ;
; N/A                                     ; None                                                ; 3.290 ns   ; opcode[5] ; MemRead$latch  ; opcode[2] ;
; N/A                                     ; None                                                ; 3.283 ns   ; func[0]   ; ALUOp[2]$latch ; shamt[4]  ;
; N/A                                     ; None                                                ; 3.278 ns   ; opcode[1] ; MemRead$latch  ; opcode[3] ;
; N/A                                     ; None                                                ; 3.278 ns   ; opcode[4] ; ALUOp[1]$latch ; func[2]   ;
; N/A                                     ; None                                                ; 3.275 ns   ; func[0]   ; ALUOp[2]$latch ; func[3]   ;
; N/A                                     ; None                                                ; 3.270 ns   ; opcode[2] ; ALUSrc$latch   ; opcode[5] ;
; N/A                                     ; None                                                ; 3.269 ns   ; func[1]   ; ALUOp[0]$latch ; func[4]   ;
; N/A                                     ; None                                                ; 3.268 ns   ; opcode[3] ; MemWrite$latch ; opcode[3] ;
; N/A                                     ; None                                                ; 3.261 ns   ; opcode[5] ; ALUOp[1]$latch ; func[1]   ;
; N/A                                     ; None                                                ; 3.259 ns   ; opcode[5] ; MemWrite$latch ; opcode[5] ;
; Timing analysis restricted to 200 rows. ; To change the limit use Settings (Assignments menu) ;            ;           ;                ;           ;
+-----------------------------------------+-----------------------------------------------------+------------+-----------+----------------+-----------+


+----------------------------------------------------------------------------+
; tco                                                                        ;
+-------+--------------+------------+----------------+----------+------------+
; Slack ; Required tco ; Actual tco ; From           ; To       ; From Clock ;
+-------+--------------+------------+----------------+----------+------------+
; N/A   ; None         ; 12.333 ns  ; ALUOp[0]$latch ; ALUOp[0] ; shamt[0]   ;
; N/A   ; None         ; 12.306 ns  ; ALUOp[3]$latch ; ALUOp[3] ; shamt[0]   ;
; N/A   ; None         ; 12.085 ns  ; ALUOp[1]$latch ; ALUOp[1] ; shamt[0]   ;
; N/A   ; None         ; 11.889 ns  ; ALUOp[2]$latch ; ALUOp[2] ; shamt[0]   ;
; N/A   ; None         ; 11.713 ns  ; ALUOp[0]$latch ; ALUOp[0] ; opcode[3]  ;
; N/A   ; None         ; 11.686 ns  ; ALUOp[3]$latch ; ALUOp[3] ; opcode[3]  ;
; N/A   ; None         ; 11.677 ns  ; ALUOp[0]$latch ; ALUOp[0] ; shamt[3]   ;
; N/A   ; None         ; 11.650 ns  ; ALUOp[3]$latch ; ALUOp[3] ; shamt[3]   ;
; N/A   ; None         ; 11.632 ns  ; ALUOp[0]$latch ; ALUOp[0] ; func[2]    ;
; N/A   ; None         ; 11.605 ns  ; ALUOp[3]$latch ; ALUOp[3] ; func[2]    ;
; N/A   ; None         ; 11.551 ns  ; ALUOp[0]$latch ; ALUOp[0] ; opcode[5]  ;
; N/A   ; None         ; 11.524 ns  ; ALUOp[3]$latch ; ALUOp[3] ; opcode[5]  ;
; N/A   ; None         ; 11.524 ns  ; ALUOp[0]$latch ; ALUOp[0] ; opcode[1]  ;
; N/A   ; None         ; 11.522 ns  ; ALUOp[0]$latch ; ALUOp[0] ; func[5]    ;
; N/A   ; None         ; 11.505 ns  ; ALUOp[0]$latch ; ALUOp[0] ; opcode[4]  ;
; N/A   ; None         ; 11.497 ns  ; ALUOp[3]$latch ; ALUOp[3] ; opcode[1]  ;
; N/A   ; None         ; 11.497 ns  ; ALUOp[0]$latch ; ALUOp[0] ; func[4]    ;
; N/A   ; None         ; 11.495 ns  ; ALUOp[3]$latch ; ALUOp[3] ; func[5]    ;
; N/A   ; None         ; 11.478 ns  ; ALUOp[3]$latch ; ALUOp[3] ; opcode[4]  ;
; N/A   ; None         ; 11.470 ns  ; ALUOp[3]$latch ; ALUOp[3] ; func[4]    ;
; N/A   ; None         ; 11.465 ns  ; ALUOp[1]$latch ; ALUOp[1] ; opcode[3]  ;
; N/A   ; None         ; 11.429 ns  ; ALUOp[1]$latch ; ALUOp[1] ; shamt[3]   ;
; N/A   ; None         ; 11.417 ns  ; ALUOp[0]$latch ; ALUOp[0] ; opcode[0]  ;
; N/A   ; None         ; 11.394 ns  ; ALUOp[0]$latch ; ALUOp[0] ; opcode[2]  ;
; N/A   ; None         ; 11.390 ns  ; ALUOp[3]$latch ; ALUOp[3] ; opcode[0]  ;
; N/A   ; None         ; 11.384 ns  ; ALUOp[1]$latch ; ALUOp[1] ; func[2]    ;
; N/A   ; None         ; 11.367 ns  ; ALUOp[3]$latch ; ALUOp[3] ; opcode[2]  ;
; N/A   ; None         ; 11.318 ns  ; ALUOp[0]$latch ; ALUOp[0] ; func[3]    ;
; N/A   ; None         ; 11.303 ns  ; ALUOp[1]$latch ; ALUOp[1] ; opcode[5]  ;
; N/A   ; None         ; 11.296 ns  ; ALUOp[0]$latch ; ALUOp[0] ; func[0]    ;
; N/A   ; None         ; 11.291 ns  ; ALUOp[3]$latch ; ALUOp[3] ; func[3]    ;
; N/A   ; None         ; 11.284 ns  ; ALUOp[0]$latch ; ALUOp[0] ; shamt[2]   ;
; N/A   ; None         ; 11.276 ns  ; ALUOp[1]$latch ; ALUOp[1] ; opcode[1]  ;
; N/A   ; None         ; 11.274 ns  ; ALUOp[1]$latch ; ALUOp[1] ; func[5]    ;
; N/A   ; None         ; 11.269 ns  ; ALUOp[3]$latch ; ALUOp[3] ; func[0]    ;
; N/A   ; None         ; 11.269 ns  ; ALUOp[2]$latch ; ALUOp[2] ; opcode[3]  ;
; N/A   ; None         ; 11.257 ns  ; ALUOp[3]$latch ; ALUOp[3] ; shamt[2]   ;
; N/A   ; None         ; 11.257 ns  ; ALUOp[1]$latch ; ALUOp[1] ; opcode[4]  ;
; N/A   ; None         ; 11.249 ns  ; ALUOp[1]$latch ; ALUOp[1] ; func[4]    ;
; N/A   ; None         ; 11.233 ns  ; ALUOp[2]$latch ; ALUOp[2] ; shamt[3]   ;
; N/A   ; None         ; 11.188 ns  ; ALUOp[2]$latch ; ALUOp[2] ; func[2]    ;
; N/A   ; None         ; 11.169 ns  ; ALUOp[1]$latch ; ALUOp[1] ; opcode[0]  ;
; N/A   ; None         ; 11.154 ns  ; ALUOp[0]$latch ; ALUOp[0] ; shamt[1]   ;
; N/A   ; None         ; 11.146 ns  ; ALUOp[1]$latch ; ALUOp[1] ; opcode[2]  ;
; N/A   ; None         ; 11.127 ns  ; ALUOp[3]$latch ; ALUOp[3] ; shamt[1]   ;
; N/A   ; None         ; 11.107 ns  ; ALUOp[2]$latch ; ALUOp[2] ; opcode[5]  ;
; N/A   ; None         ; 11.080 ns  ; ALUOp[2]$latch ; ALUOp[2] ; opcode[1]  ;
; N/A   ; None         ; 11.078 ns  ; ALUOp[2]$latch ; ALUOp[2] ; func[5]    ;
; N/A   ; None         ; 11.070 ns  ; ALUOp[1]$latch ; ALUOp[1] ; func[3]    ;
; N/A   ; None         ; 11.061 ns  ; ALUOp[2]$latch ; ALUOp[2] ; opcode[4]  ;
; N/A   ; None         ; 11.053 ns  ; ALUOp[2]$latch ; ALUOp[2] ; func[4]    ;
; N/A   ; None         ; 11.048 ns  ; ALUOp[1]$latch ; ALUOp[1] ; func[0]    ;
; N/A   ; None         ; 11.036 ns  ; ALUOp[1]$latch ; ALUOp[1] ; shamt[2]   ;
; N/A   ; None         ; 11.004 ns  ; ALUOp[0]$latch ; ALUOp[0] ; func[1]    ;
; N/A   ; None         ; 10.977 ns  ; ALUOp[3]$latch ; ALUOp[3] ; func[1]    ;
; N/A   ; None         ; 10.973 ns  ; ALUOp[2]$latch ; ALUOp[2] ; opcode[0]  ;
; N/A   ; None         ; 10.950 ns  ; ALUOp[2]$latch ; ALUOp[2] ; opcode[2]  ;
; N/A   ; None         ; 10.906 ns  ; ALUOp[1]$latch ; ALUOp[1] ; shamt[1]   ;
; N/A   ; None         ; 10.874 ns  ; ALUOp[2]$latch ; ALUOp[2] ; func[3]    ;
; N/A   ; None         ; 10.852 ns  ; ALUOp[2]$latch ; ALUOp[2] ; func[0]    ;
; N/A   ; None         ; 10.840 ns  ; ALUOp[2]$latch ; ALUOp[2] ; shamt[2]   ;
; N/A   ; None         ; 10.756 ns  ; ALUOp[1]$latch ; ALUOp[1] ; func[1]    ;
; N/A   ; None         ; 10.710 ns  ; ALUOp[2]$latch ; ALUOp[2] ; shamt[1]   ;
; N/A   ; None         ; 10.659 ns  ; ALUOp[0]$latch ; ALUOp[0] ; shamt[4]   ;
; N/A   ; None         ; 10.632 ns  ; ALUOp[3]$latch ; ALUOp[3] ; shamt[4]   ;
; N/A   ; None         ; 10.560 ns  ; ALUOp[2]$latch ; ALUOp[2] ; func[1]    ;
; N/A   ; None         ; 10.411 ns  ; ALUOp[1]$latch ; ALUOp[1] ; shamt[4]   ;
; N/A   ; None         ; 10.215 ns  ; ALUOp[2]$latch ; ALUOp[2] ; shamt[4]   ;
; N/A   ; None         ; 9.420 ns   ; MemtoReg$latch ; MemtoReg ; opcode[1]  ;
; N/A   ; None         ; 9.411 ns   ; MemWrite$latch ; MemWrite ; opcode[1]  ;
; N/A   ; None         ; 9.400 ns   ; ALUSrc$latch   ; ALUSrc   ; opcode[1]  ;
; N/A   ; None         ; 9.364 ns   ; MemtoReg$latch ; MemtoReg ; opcode[2]  ;
; N/A   ; None         ; 9.355 ns   ; MemWrite$latch ; MemWrite ; opcode[2]  ;
; N/A   ; None         ; 9.344 ns   ; ALUSrc$latch   ; ALUSrc   ; opcode[2]  ;
; N/A   ; None         ; 9.200 ns   ; RegWrite$latch ; RegWrite ; opcode[1]  ;
; N/A   ; None         ; 9.167 ns   ; PCSrc$latch    ; PCSrc    ; opcode[1]  ;
; N/A   ; None         ; 9.144 ns   ; RegWrite$latch ; RegWrite ; opcode[2]  ;
; N/A   ; None         ; 9.137 ns   ; MemtoReg$latch ; MemtoReg ; opcode[4]  ;
; N/A   ; None         ; 9.128 ns   ; MemWrite$latch ; MemWrite ; opcode[4]  ;
; N/A   ; None         ; 9.117 ns   ; ALUSrc$latch   ; ALUSrc   ; opcode[4]  ;
; N/A   ; None         ; 9.111 ns   ; PCSrc$latch    ; PCSrc    ; opcode[2]  ;
; N/A   ; None         ; 8.945 ns   ; MemRead$latch  ; MemRead  ; opcode[1]  ;
; N/A   ; None         ; 8.917 ns   ; RegWrite$latch ; RegWrite ; opcode[4]  ;
; N/A   ; None         ; 8.889 ns   ; MemRead$latch  ; MemRead  ; opcode[2]  ;
; N/A   ; None         ; 8.884 ns   ; PCSrc$latch    ; PCSrc    ; opcode[4]  ;
; N/A   ; None         ; 8.698 ns   ; MemtoReg$latch ; MemtoReg ; opcode[3]  ;
; N/A   ; None         ; 8.689 ns   ; MemWrite$latch ; MemWrite ; opcode[3]  ;
; N/A   ; None         ; 8.678 ns   ; ALUSrc$latch   ; ALUSrc   ; opcode[3]  ;
; N/A   ; None         ; 8.662 ns   ; MemRead$latch  ; MemRead  ; opcode[4]  ;
; N/A   ; None         ; 8.573 ns   ; MemtoReg$latch ; MemtoReg ; opcode[5]  ;
; N/A   ; None         ; 8.564 ns   ; MemWrite$latch ; MemWrite ; opcode[5]  ;
; N/A   ; None         ; 8.553 ns   ; ALUSrc$latch   ; ALUSrc   ; opcode[5]  ;
; N/A   ; None         ; 8.478 ns   ; RegWrite$latch ; RegWrite ; opcode[3]  ;
; N/A   ; None         ; 8.445 ns   ; PCSrc$latch    ; PCSrc    ; opcode[3]  ;
; N/A   ; None         ; 8.353 ns   ; RegWrite$latch ; RegWrite ; opcode[5]  ;
; N/A   ; None         ; 8.320 ns   ; PCSrc$latch    ; PCSrc    ; opcode[5]  ;
; N/A   ; None         ; 8.223 ns   ; MemRead$latch  ; MemRead  ; opcode[3]  ;
; N/A   ; None         ; 8.098 ns   ; MemRead$latch  ; MemRead  ; opcode[5]  ;
+-------+--------------+------------+----------------+----------+------------+


+----------------------------------------------------------------------------------------------------------------------------------------------------+
; th                                                                                                                                                 ;
+-----------------------------------------+-----------------------------------------------------+-----------+-----------+----------------+-----------+
; Minimum Slack                           ; Required th                                         ; Actual th ; From      ; To             ; To Clock  ;
+-----------------------------------------+-----------------------------------------------------+-----------+-----------+----------------+-----------+
; N/A                                     ; None                                                ; 4.754 ns  ; func[0]   ; ALUOp[3]$latch ; shamt[0]  ;
; N/A                                     ; None                                                ; 4.521 ns  ; opcode[2] ; ALUOp[2]$latch ; shamt[0]  ;
; N/A                                     ; None                                                ; 4.487 ns  ; func[1]   ; ALUOp[3]$latch ; shamt[0]  ;
; N/A                                     ; None                                                ; 4.280 ns  ; func[3]   ; ALUOp[3]$latch ; shamt[0]  ;
; N/A                                     ; None                                                ; 4.134 ns  ; func[0]   ; ALUOp[3]$latch ; opcode[3] ;
; N/A                                     ; None                                                ; 4.102 ns  ; func[4]   ; ALUOp[3]$latch ; shamt[0]  ;
; N/A                                     ; None                                                ; 4.098 ns  ; func[0]   ; ALUOp[3]$latch ; shamt[3]  ;
; N/A                                     ; None                                                ; 4.053 ns  ; func[0]   ; ALUOp[3]$latch ; func[2]   ;
; N/A                                     ; None                                                ; 4.042 ns  ; func[3]   ; ALUOp[0]$latch ; shamt[0]  ;
; N/A                                     ; None                                                ; 4.033 ns  ; func[5]   ; ALUOp[3]$latch ; shamt[0]  ;
; N/A                                     ; None                                                ; 3.972 ns  ; func[0]   ; ALUOp[3]$latch ; opcode[5] ;
; N/A                                     ; None                                                ; 3.968 ns  ; func[2]   ; ALUOp[3]$latch ; shamt[0]  ;
; N/A                                     ; None                                                ; 3.945 ns  ; func[0]   ; ALUOp[3]$latch ; opcode[1] ;
; N/A                                     ; None                                                ; 3.943 ns  ; func[0]   ; ALUOp[3]$latch ; func[5]   ;
; N/A                                     ; None                                                ; 3.926 ns  ; func[0]   ; ALUOp[3]$latch ; opcode[4] ;
; N/A                                     ; None                                                ; 3.918 ns  ; func[0]   ; ALUOp[3]$latch ; func[4]   ;
; N/A                                     ; None                                                ; 3.901 ns  ; opcode[2] ; ALUOp[2]$latch ; opcode[3] ;
; N/A                                     ; None                                                ; 3.897 ns  ; func[5]   ; ALUOp[0]$latch ; shamt[0]  ;
; N/A                                     ; None                                                ; 3.867 ns  ; func[1]   ; ALUOp[3]$latch ; opcode[3] ;
; N/A                                     ; None                                                ; 3.865 ns  ; opcode[2] ; ALUOp[2]$latch ; shamt[3]  ;
; N/A                                     ; None                                                ; 3.864 ns  ; func[4]   ; ALUOp[0]$latch ; shamt[0]  ;
; N/A                                     ; None                                                ; 3.838 ns  ; func[0]   ; ALUOp[3]$latch ; opcode[0] ;
; N/A                                     ; None                                                ; 3.831 ns  ; func[1]   ; ALUOp[3]$latch ; shamt[3]  ;
; N/A                                     ; None                                                ; 3.820 ns  ; opcode[2] ; ALUOp[2]$latch ; func[2]   ;
; N/A                                     ; None                                                ; 3.815 ns  ; func[0]   ; ALUOp[3]$latch ; opcode[2] ;
; N/A                                     ; None                                                ; 3.792 ns  ; opcode[5] ; ALUOp[3]$latch ; shamt[0]  ;
; N/A                                     ; None                                                ; 3.786 ns  ; func[1]   ; ALUOp[3]$latch ; func[2]   ;
; N/A                                     ; None                                                ; 3.783 ns  ; opcode[0] ; ALUOp[2]$latch ; shamt[0]  ;
; N/A                                     ; None                                                ; 3.758 ns  ; opcode[1] ; ALUOp[2]$latch ; shamt[0]  ;
; N/A                                     ; None                                                ; 3.751 ns  ; opcode[1] ; ALUOp[1]$latch ; shamt[0]  ;
; N/A                                     ; None                                                ; 3.739 ns  ; func[0]   ; ALUOp[3]$latch ; func[3]   ;
; N/A                                     ; None                                                ; 3.739 ns  ; opcode[2] ; ALUOp[2]$latch ; opcode[5] ;
; N/A                                     ; None                                                ; 3.731 ns  ; opcode[5] ; ALUOp[2]$latch ; shamt[0]  ;
; N/A                                     ; None                                                ; 3.730 ns  ; func[2]   ; ALUOp[0]$latch ; shamt[0]  ;
; N/A                                     ; None                                                ; 3.724 ns  ; opcode[5] ; ALUOp[1]$latch ; shamt[0]  ;
; N/A                                     ; None                                                ; 3.717 ns  ; func[0]   ; ALUOp[3]$latch ; func[0]   ;
; N/A                                     ; None                                                ; 3.712 ns  ; opcode[2] ; ALUOp[2]$latch ; opcode[1] ;
; N/A                                     ; None                                                ; 3.710 ns  ; opcode[2] ; ALUOp[2]$latch ; func[5]   ;
; N/A                                     ; None                                                ; 3.705 ns  ; func[1]   ; ALUOp[3]$latch ; opcode[5] ;
; N/A                                     ; None                                                ; 3.705 ns  ; func[0]   ; ALUOp[3]$latch ; shamt[2]  ;
; N/A                                     ; None                                                ; 3.698 ns  ; opcode[0] ; ALUOp[3]$latch ; shamt[0]  ;
; N/A                                     ; None                                                ; 3.697 ns  ; opcode[4] ; ALUOp[3]$latch ; shamt[0]  ;
; N/A                                     ; None                                                ; 3.694 ns  ; func[3]   ; ALUOp[2]$latch ; shamt[0]  ;
; N/A                                     ; None                                                ; 3.693 ns  ; opcode[2] ; ALUOp[2]$latch ; opcode[4] ;
; N/A                                     ; None                                                ; 3.685 ns  ; opcode[2] ; ALUOp[2]$latch ; func[4]   ;
; N/A                                     ; None                                                ; 3.678 ns  ; func[1]   ; ALUOp[3]$latch ; opcode[1] ;
; N/A                                     ; None                                                ; 3.676 ns  ; func[1]   ; ALUOp[3]$latch ; func[5]   ;
; N/A                                     ; None                                                ; 3.667 ns  ; opcode[3] ; ALUOp[3]$latch ; shamt[0]  ;
; N/A                                     ; None                                                ; 3.660 ns  ; func[3]   ; ALUOp[3]$latch ; opcode[3] ;
; N/A                                     ; None                                                ; 3.659 ns  ; func[1]   ; ALUOp[3]$latch ; opcode[4] ;
; N/A                                     ; None                                                ; 3.651 ns  ; func[1]   ; ALUOp[3]$latch ; func[4]   ;
; N/A                                     ; None                                                ; 3.646 ns  ; opcode[1] ; ALUOp[3]$latch ; shamt[0]  ;
; N/A                                     ; None                                                ; 3.638 ns  ; opcode[4] ; ALUOp[2]$latch ; shamt[0]  ;
; N/A                                     ; None                                                ; 3.631 ns  ; opcode[4] ; ALUOp[1]$latch ; shamt[0]  ;
; N/A                                     ; None                                                ; 3.624 ns  ; func[3]   ; ALUOp[3]$latch ; shamt[3]  ;
; N/A                                     ; None                                                ; 3.613 ns  ; opcode[2] ; ALUOp[3]$latch ; shamt[0]  ;
; N/A                                     ; None                                                ; 3.605 ns  ; opcode[2] ; ALUOp[2]$latch ; opcode[0] ;
; N/A                                     ; None                                                ; 3.582 ns  ; opcode[2] ; ALUOp[2]$latch ; opcode[2] ;
; N/A                                     ; None                                                ; 3.579 ns  ; func[3]   ; ALUOp[3]$latch ; func[2]   ;
; N/A                                     ; None                                                ; 3.575 ns  ; shamt[4]  ; ALUOp[0]$latch ; shamt[0]  ;
; N/A                                     ; None                                                ; 3.575 ns  ; func[0]   ; ALUOp[3]$latch ; shamt[1]  ;
; N/A                                     ; None                                                ; 3.571 ns  ; func[1]   ; ALUOp[3]$latch ; opcode[0] ;
; N/A                                     ; None                                                ; 3.548 ns  ; func[1]   ; ALUOp[3]$latch ; opcode[2] ;
; N/A                                     ; None                                                ; 3.521 ns  ; func[3]   ; ALUOp[1]$latch ; shamt[0]  ;
; N/A                                     ; None                                                ; 3.516 ns  ; func[4]   ; ALUOp[2]$latch ; shamt[0]  ;
; N/A                                     ; None                                                ; 3.506 ns  ; opcode[2] ; ALUOp[2]$latch ; func[3]   ;
; N/A                                     ; None                                                ; 3.498 ns  ; func[3]   ; ALUOp[3]$latch ; opcode[5] ;
; N/A                                     ; None                                                ; 3.497 ns  ; opcode[3] ; ALUOp[2]$latch ; shamt[0]  ;
; N/A                                     ; None                                                ; 3.484 ns  ; opcode[2] ; ALUOp[2]$latch ; func[0]   ;
; N/A                                     ; None                                                ; 3.482 ns  ; func[4]   ; ALUOp[3]$latch ; opcode[3] ;
; N/A                                     ; None                                                ; 3.472 ns  ; func[1]   ; ALUOp[3]$latch ; func[3]   ;
; N/A                                     ; None                                                ; 3.472 ns  ; opcode[2] ; ALUOp[2]$latch ; shamt[2]  ;
; N/A                                     ; None                                                ; 3.471 ns  ; func[3]   ; ALUOp[3]$latch ; opcode[1] ;
; N/A                                     ; None                                                ; 3.469 ns  ; func[3]   ; ALUOp[3]$latch ; func[5]   ;
; N/A                                     ; None                                                ; 3.452 ns  ; func[3]   ; ALUOp[3]$latch ; opcode[4] ;
; N/A                                     ; None                                                ; 3.450 ns  ; func[1]   ; ALUOp[3]$latch ; func[0]   ;
; N/A                                     ; None                                                ; 3.447 ns  ; func[5]   ; ALUOp[2]$latch ; shamt[0]  ;
; N/A                                     ; None                                                ; 3.446 ns  ; func[4]   ; ALUOp[3]$latch ; shamt[3]  ;
; N/A                                     ; None                                                ; 3.444 ns  ; func[3]   ; ALUOp[3]$latch ; func[4]   ;
; N/A                                     ; None                                                ; 3.438 ns  ; func[1]   ; ALUOp[3]$latch ; shamt[2]  ;
; N/A                                     ; None                                                ; 3.435 ns  ; opcode[3] ; ALUOp[1]$latch ; shamt[0]  ;
; N/A                                     ; None                                                ; 3.425 ns  ; func[0]   ; ALUOp[3]$latch ; func[1]   ;
; N/A                                     ; None                                                ; 3.422 ns  ; func[3]   ; ALUOp[0]$latch ; opcode[3] ;
; N/A                                     ; None                                                ; 3.413 ns  ; func[5]   ; ALUOp[3]$latch ; opcode[3] ;
; N/A                                     ; None                                                ; 3.401 ns  ; func[4]   ; ALUOp[3]$latch ; func[2]   ;
; N/A                                     ; None                                                ; 3.386 ns  ; func[3]   ; ALUOp[0]$latch ; shamt[3]  ;
; N/A                                     ; None                                                ; 3.382 ns  ; func[2]   ; ALUOp[2]$latch ; shamt[0]  ;
; N/A                                     ; None                                                ; 3.382 ns  ; opcode[5] ; ALUOp[0]$latch ; shamt[0]  ;
; N/A                                     ; None                                                ; 3.377 ns  ; func[5]   ; ALUOp[3]$latch ; shamt[3]  ;
; N/A                                     ; None                                                ; 3.364 ns  ; func[3]   ; ALUOp[3]$latch ; opcode[0] ;
; N/A                                     ; None                                                ; 3.363 ns  ; func[1]   ; ALUOp[0]$latch ; shamt[0]  ;
; N/A                                     ; None                                                ; 3.348 ns  ; func[2]   ; ALUOp[3]$latch ; opcode[3] ;
; N/A                                     ; None                                                ; 3.343 ns  ; func[4]   ; ALUOp[1]$latch ; shamt[0]  ;
; N/A                                     ; None                                                ; 3.342 ns  ; opcode[2] ; ALUOp[2]$latch ; shamt[1]  ;
; N/A                                     ; None                                                ; 3.341 ns  ; func[3]   ; ALUOp[0]$latch ; func[2]   ;
; N/A                                     ; None                                                ; 3.341 ns  ; func[3]   ; ALUOp[3]$latch ; opcode[2] ;
; N/A                                     ; None                                                ; 3.332 ns  ; func[5]   ; ALUOp[3]$latch ; func[2]   ;
; N/A                                     ; None                                                ; 3.320 ns  ; func[4]   ; ALUOp[3]$latch ; opcode[5] ;
; N/A                                     ; None                                                ; 3.312 ns  ; func[2]   ; ALUOp[3]$latch ; shamt[3]  ;
; N/A                                     ; None                                                ; 3.308 ns  ; func[1]   ; ALUOp[3]$latch ; shamt[1]  ;
; N/A                                     ; None                                                ; 3.295 ns  ; opcode[4] ; ALUOp[0]$latch ; shamt[0]  ;
; N/A                                     ; None                                                ; 3.293 ns  ; func[4]   ; ALUOp[3]$latch ; opcode[1] ;
; N/A                                     ; None                                                ; 3.291 ns  ; func[4]   ; ALUOp[3]$latch ; func[5]   ;
; N/A                                     ; None                                                ; 3.277 ns  ; func[5]   ; ALUOp[0]$latch ; opcode[3] ;
; N/A                                     ; None                                                ; 3.276 ns  ; opcode[1] ; ALUOp[0]$latch ; shamt[0]  ;
; N/A                                     ; None                                                ; 3.274 ns  ; func[4]   ; ALUOp[3]$latch ; opcode[4] ;
; N/A                                     ; None                                                ; 3.274 ns  ; func[5]   ; ALUOp[1]$latch ; shamt[0]  ;
; N/A                                     ; None                                                ; 3.270 ns  ; opcode[3] ; ALUOp[0]$latch ; shamt[0]  ;
; N/A                                     ; None                                                ; 3.267 ns  ; func[2]   ; ALUOp[3]$latch ; func[2]   ;
; N/A                                     ; None                                                ; 3.266 ns  ; func[4]   ; ALUOp[3]$latch ; func[4]   ;
; N/A                                     ; None                                                ; 3.265 ns  ; func[3]   ; ALUOp[3]$latch ; func[3]   ;
; N/A                                     ; None                                                ; 3.260 ns  ; func[3]   ; ALUOp[0]$latch ; opcode[5] ;
; N/A                                     ; None                                                ; 3.251 ns  ; func[5]   ; ALUOp[3]$latch ; opcode[5] ;
; N/A                                     ; None                                                ; 3.244 ns  ; func[4]   ; ALUOp[0]$latch ; opcode[3] ;
; N/A                                     ; None                                                ; 3.243 ns  ; func[3]   ; ALUOp[3]$latch ; func[0]   ;
; N/A                                     ; None                                                ; 3.241 ns  ; func[5]   ; ALUOp[0]$latch ; shamt[3]  ;
; N/A                                     ; None                                                ; 3.233 ns  ; func[3]   ; ALUOp[0]$latch ; opcode[1] ;
; N/A                                     ; None                                                ; 3.231 ns  ; func[3]   ; ALUOp[0]$latch ; func[5]   ;
; N/A                                     ; None                                                ; 3.231 ns  ; func[3]   ; ALUOp[3]$latch ; shamt[2]  ;
; N/A                                     ; None                                                ; 3.224 ns  ; func[5]   ; ALUOp[3]$latch ; opcode[1] ;
; N/A                                     ; None                                                ; 3.222 ns  ; func[5]   ; ALUOp[3]$latch ; func[5]   ;
; N/A                                     ; None                                                ; 3.214 ns  ; func[3]   ; ALUOp[0]$latch ; opcode[4] ;
; N/A                                     ; None                                                ; 3.209 ns  ; func[2]   ; ALUOp[1]$latch ; shamt[0]  ;
; N/A                                     ; None                                                ; 3.208 ns  ; func[4]   ; ALUOp[0]$latch ; shamt[3]  ;
; N/A                                     ; None                                                ; 3.206 ns  ; func[3]   ; ALUOp[0]$latch ; func[4]   ;
; N/A                                     ; None                                                ; 3.205 ns  ; func[5]   ; ALUOp[3]$latch ; opcode[4] ;
; N/A                                     ; None                                                ; 3.197 ns  ; func[5]   ; ALUOp[3]$latch ; func[4]   ;
; N/A                                     ; None                                                ; 3.196 ns  ; func[5]   ; ALUOp[0]$latch ; func[2]   ;
; N/A                                     ; None                                                ; 3.192 ns  ; opcode[2] ; ALUOp[2]$latch ; func[1]   ;
; N/A                                     ; None                                                ; 3.186 ns  ; func[2]   ; ALUOp[3]$latch ; opcode[5] ;
; N/A                                     ; None                                                ; 3.186 ns  ; func[4]   ; ALUOp[3]$latch ; opcode[0] ;
; N/A                                     ; None                                                ; 3.172 ns  ; opcode[5] ; ALUOp[3]$latch ; opcode[3] ;
; N/A                                     ; None                                                ; 3.163 ns  ; func[4]   ; ALUOp[0]$latch ; func[2]   ;
; N/A                                     ; None                                                ; 3.163 ns  ; func[4]   ; ALUOp[3]$latch ; opcode[2] ;
; N/A                                     ; None                                                ; 3.163 ns  ; opcode[0] ; ALUOp[2]$latch ; opcode[3] ;
; N/A                                     ; None                                                ; 3.159 ns  ; func[2]   ; ALUOp[3]$latch ; opcode[1] ;
; N/A                                     ; None                                                ; 3.158 ns  ; func[1]   ; ALUOp[3]$latch ; func[1]   ;
; N/A                                     ; None                                                ; 3.157 ns  ; func[2]   ; ALUOp[3]$latch ; func[5]   ;
; N/A                                     ; None                                                ; 3.146 ns  ; func[0]   ; ALUOp[2]$latch ; shamt[0]  ;
; N/A                                     ; None                                                ; 3.140 ns  ; func[2]   ; ALUOp[3]$latch ; opcode[4] ;
; N/A                                     ; None                                                ; 3.138 ns  ; opcode[1] ; ALUOp[2]$latch ; opcode[3] ;
; N/A                                     ; None                                                ; 3.136 ns  ; opcode[5] ; ALUOp[3]$latch ; shamt[3]  ;
; N/A                                     ; None                                                ; 3.132 ns  ; func[2]   ; ALUOp[3]$latch ; func[4]   ;
; N/A                                     ; None                                                ; 3.131 ns  ; opcode[1] ; ALUOp[1]$latch ; opcode[3] ;
; N/A                                     ; None                                                ; 3.127 ns  ; opcode[0] ; ALUOp[2]$latch ; shamt[3]  ;
; N/A                                     ; None                                                ; 3.126 ns  ; func[3]   ; ALUOp[0]$latch ; opcode[0] ;
; N/A                                     ; None                                                ; 3.117 ns  ; func[5]   ; ALUOp[3]$latch ; opcode[0] ;
; N/A                                     ; None                                                ; 3.115 ns  ; func[5]   ; ALUOp[0]$latch ; opcode[5] ;
; N/A                                     ; None                                                ; 3.111 ns  ; opcode[5] ; ALUOp[2]$latch ; opcode[3] ;
; N/A                                     ; None                                                ; 3.110 ns  ; func[2]   ; ALUOp[0]$latch ; opcode[3] ;
; N/A                                     ; None                                                ; 3.104 ns  ; opcode[5] ; ALUOp[1]$latch ; opcode[3] ;
; N/A                                     ; None                                                ; 3.103 ns  ; shamt[4]  ; ALUOp[1]$latch ; shamt[0]  ;
; N/A                                     ; None                                                ; 3.103 ns  ; func[3]   ; ALUOp[0]$latch ; opcode[2] ;
; N/A                                     ; None                                                ; 3.102 ns  ; opcode[1] ; ALUOp[2]$latch ; shamt[3]  ;
; N/A                                     ; None                                                ; 3.101 ns  ; func[3]   ; ALUOp[3]$latch ; shamt[1]  ;
; N/A                                     ; None                                                ; 3.095 ns  ; opcode[1] ; ALUOp[1]$latch ; shamt[3]  ;
; N/A                                     ; None                                                ; 3.094 ns  ; func[5]   ; ALUOp[3]$latch ; opcode[2] ;
; N/A                                     ; None                                                ; 3.091 ns  ; opcode[5] ; ALUOp[3]$latch ; func[2]   ;
; N/A                                     ; None                                                ; 3.088 ns  ; func[5]   ; ALUOp[0]$latch ; opcode[1] ;
; N/A                                     ; None                                                ; 3.087 ns  ; func[4]   ; ALUOp[3]$latch ; func[3]   ;
; N/A                                     ; None                                                ; 3.086 ns  ; func[5]   ; ALUOp[0]$latch ; func[5]   ;
; N/A                                     ; None                                                ; 3.082 ns  ; func[4]   ; ALUOp[0]$latch ; opcode[5] ;
; N/A                                     ; None                                                ; 3.082 ns  ; opcode[0] ; ALUOp[2]$latch ; func[2]   ;
; N/A                                     ; None                                                ; 3.080 ns  ; shamt[1]  ; ALUOp[0]$latch ; shamt[0]  ;
; N/A                                     ; None                                                ; 3.080 ns  ; func[0]   ; ALUOp[3]$latch ; shamt[4]  ;
; N/A                                     ; None                                                ; 3.078 ns  ; opcode[0] ; ALUOp[3]$latch ; opcode[3] ;
; N/A                                     ; None                                                ; 3.077 ns  ; opcode[4] ; ALUOp[3]$latch ; opcode[3] ;
; N/A                                     ; None                                                ; 3.075 ns  ; opcode[5] ; ALUOp[2]$latch ; shamt[3]  ;
; N/A                                     ; None                                                ; 3.074 ns  ; func[2]   ; ALUOp[0]$latch ; shamt[3]  ;
; N/A                                     ; None                                                ; 3.074 ns  ; func[3]   ; ALUOp[2]$latch ; opcode[3] ;
; N/A                                     ; None                                                ; 3.071 ns  ; func[0]   ; ALUOp[0]$latch ; shamt[0]  ;
; N/A                                     ; None                                                ; 3.069 ns  ; func[5]   ; ALUOp[0]$latch ; opcode[4] ;
; N/A                                     ; None                                                ; 3.068 ns  ; opcode[5] ; ALUOp[1]$latch ; shamt[3]  ;
; N/A                                     ; None                                                ; 3.065 ns  ; func[4]   ; ALUOp[3]$latch ; func[0]   ;
; N/A                                     ; None                                                ; 3.061 ns  ; func[5]   ; ALUOp[0]$latch ; func[4]   ;
; N/A                                     ; None                                                ; 3.060 ns  ; opcode[0] ; ALUOp[1]$latch ; shamt[0]  ;
; N/A                                     ; None                                                ; 3.057 ns  ; opcode[1] ; ALUOp[2]$latch ; func[2]   ;
; N/A                                     ; None                                                ; 3.055 ns  ; func[4]   ; ALUOp[0]$latch ; opcode[1] ;
; N/A                                     ; None                                                ; 3.053 ns  ; func[4]   ; ALUOp[0]$latch ; func[5]   ;
; N/A                                     ; None                                                ; 3.053 ns  ; func[4]   ; ALUOp[3]$latch ; shamt[2]  ;
; N/A                                     ; None                                                ; 3.052 ns  ; func[2]   ; ALUOp[3]$latch ; opcode[0] ;
; N/A                                     ; None                                                ; 3.050 ns  ; opcode[1] ; ALUOp[1]$latch ; func[2]   ;
; N/A                                     ; None                                                ; 3.047 ns  ; opcode[3] ; ALUOp[3]$latch ; opcode[3] ;
; N/A                                     ; None                                                ; 3.042 ns  ; opcode[0] ; ALUOp[3]$latch ; shamt[3]  ;
; N/A                                     ; None                                                ; 3.041 ns  ; opcode[4] ; ALUOp[3]$latch ; shamt[3]  ;
; N/A                                     ; None                                                ; 3.038 ns  ; func[3]   ; ALUOp[2]$latch ; shamt[3]  ;
; N/A                                     ; None                                                ; 3.036 ns  ; func[4]   ; ALUOp[0]$latch ; opcode[4] ;
; N/A                                     ; None                                                ; 3.030 ns  ; opcode[5] ; ALUOp[2]$latch ; func[2]   ;
; N/A                                     ; None                                                ; 3.029 ns  ; func[2]   ; ALUOp[0]$latch ; func[2]   ;
; N/A                                     ; None                                                ; 3.029 ns  ; func[2]   ; ALUOp[3]$latch ; opcode[2] ;
; N/A                                     ; None                                                ; 3.028 ns  ; func[4]   ; ALUOp[0]$latch ; func[4]   ;
; N/A                                     ; None                                                ; 3.027 ns  ; func[3]   ; ALUOp[0]$latch ; func[3]   ;
; N/A                                     ; None                                                ; 3.026 ns  ; opcode[1] ; ALUOp[3]$latch ; opcode[3] ;
; N/A                                     ; None                                                ; 3.023 ns  ; opcode[5] ; ALUOp[1]$latch ; func[2]   ;
; N/A                                     ; None                                                ; 3.018 ns  ; func[5]   ; ALUOp[3]$latch ; func[3]   ;
; N/A                                     ; None                                                ; 3.018 ns  ; opcode[4] ; ALUOp[2]$latch ; opcode[3] ;
; N/A                                     ; None                                                ; 3.011 ns  ; opcode[4] ; ALUOp[1]$latch ; opcode[3] ;
; N/A                                     ; None                                                ; 3.011 ns  ; opcode[3] ; ALUOp[3]$latch ; shamt[3]  ;
; N/A                                     ; None                                                ; 3.010 ns  ; opcode[5] ; ALUOp[3]$latch ; opcode[5] ;
; N/A                                     ; None                                                ; 3.005 ns  ; func[3]   ; ALUOp[0]$latch ; func[0]   ;
; Timing analysis restricted to 200 rows. ; To change the limit use Settings (Assignments menu) ;           ;           ;                ;           ;
+-----------------------------------------+-----------------------------------------------------+-----------+-----------+----------------+-----------+


+--------------------------+
; Timing Analyzer Messages ;
+--------------------------+
Info: *******************************************************************
Info: Running Quartus II Classic Timing Analyzer
    Info: Version 9.1 Build 350 03/24/2010 Service Pack 2 SJ Web Edition
    Info: Processing started: Thu Oct 21 03:46:00 2010
Info: Command: quartus_tan --read_settings_files=off --write_settings_files=off SingleCycle -c SingleCycle --timing_analysis_only
Warning: Timing Analysis is analyzing one or more combinational loops as latches
    Warning: Node "RegDst$latch" is a latch
    Warning: Node "ALUSrc$latch" is a latch
    Warning: Node "MemtoReg$latch" is a latch
    Warning: Node "RegWrite$latch" is a latch
    Warning: Node "MemRead$latch" is a latch
    Warning: Node "MemWrite$latch" is a latch
    Warning: Node "PCSrc$latch" is a latch
    Warning: Node "ALUOp[0]$latch" is a latch
    Warning: Node "ALUOp[1]$latch" is a latch
    Warning: Node "ALUOp[2]$latch" is a latch
    Warning: Node "ALUOp[3]$latch" is a latch
Warning: Found pins functioning as undefined clocks and/or memory enables
    Info: Assuming node "opcode[5]" is a latch enable. Will not compute fmax for this pin.
    Info: Assuming node "opcode[3]" is a latch enable. Will not compute fmax for this pin.
    Info: Assuming node "opcode[4]" is a latch enable. Will not compute fmax for this pin.
    Info: Assuming node "opcode[2]" is a latch enable. Will not compute fmax for this pin.
    Info: Assuming node "opcode[1]" is a latch enable. Will not compute fmax for this pin.
    Info: Assuming node "opcode[0]" is a latch enable. Will not compute fmax for this pin.
    Info: Assuming node "func[5]" is a latch enable. Will not compute fmax for this pin.
    Info: Assuming node "func[0]" is a latch enable. Will not compute fmax for this pin.
    Info: Assuming node "func[3]" is a latch enable. Will not compute fmax for this pin.
    Info: Assuming node "func[4]" is a latch enable. Will not compute fmax for this pin.
    Info: Assuming node "func[2]" is a latch enable. Will not compute fmax for this pin.
    Info: Assuming node "func[1]" is a latch enable. Will not compute fmax for this pin.
    Info: Assuming node "shamt[4]" is a latch enable. Will not compute fmax for this pin.
    Info: Assuming node "shamt[1]" is a latch enable. Will not compute fmax for this pin.
    Info: Assuming node "shamt[2]" is a latch enable. Will not compute fmax for this pin.
    Info: Assuming node "shamt[3]" is a latch enable. Will not compute fmax for this pin.
    Info: Assuming node "shamt[0]" is a latch enable. Will not compute fmax for this pin.
Warning: Found 23 node(s) in clock paths which may be acting as ripple and/or gated clocks -- node(s) analyzed as buffer(s) resulting in clock skew
    Info: Detected gated clock "ALUOp[3]~22" as buffer
    Info: Detected gated clock "ALUOp[3]~21" as buffer
    Info: Detected gated clock "ALUOp[2]~20" as buffer
    Info: Detected gated clock "ALUOp[3]~19" as buffer
    Info: Detected gated clock "ALUOp[3]~18" as buffer
    Info: Detected gated clock "Equal9~1" as buffer
    Info: Detected gated clock "Equal9~0" as buffer
    Info: Detected gated clock "ALUOp[2]~35" as buffer
    Info: Detected gated clock "Equal8~0" as buffer
    Info: Detected gated clock "Equal2~1" as buffer
    Info: Detected gated clock "always0~2" as buffer
    Info: Detected gated clock "LessThan0~0" as buffer
    Info: Detected gated clock "always0~1" as buffer
    Info: Detected gated clock "RegWrite~4" as buffer
    Info: Detected gated clock "RegWrite~3" as buffer
    Info: Detected gated clock "Equal17~0" as buffer
    Info: Detected gated clock "Equal15~0" as buffer
    Info: Detected gated clock "Equal22~1" as buffer
    Info: Detected gated clock "always0~0" as buffer
    Info: Detected gated clock "ALUOp[3]~9" as buffer
    Info: Detected gated clock "Equal0~1" as buffer
    Info: Detected gated clock "Equal0~0" as buffer
    Info: Detected gated clock "Equal22~0" as buffer
Info: tsu for register "RegWrite$latch" (data pin = "opcode[0]", clock pin = "opcode[5]") is 5.974 ns
    Info: + Longest pin to register delay is 9.624 ns
        Info: 1: + IC(0.000 ns) + CELL(0.860 ns) = 0.860 ns; Loc. = PIN_F13; Fanout = 16; CLK Node = 'opcode[0]'
        Info: 2: + IC(5.355 ns) + CELL(0.245 ns) = 6.460 ns; Loc. = LCCOMB_X31_Y35_N20; Fanout = 2; COMB Node = 'RegWrite~1'
        Info: 3: + IC(1.168 ns) + CELL(0.437 ns) = 8.065 ns; Loc. = LCCOMB_X31_Y35_N24; Fanout = 1; COMB Node = 'RegWrite~5'
        Info: 4: + IC(0.671 ns) + CELL(0.245 ns) = 8.981 ns; Loc. = LCCOMB_X28_Y35_N2; Fanout = 1; COMB Node = 'RegWrite~6'
        Info: 5: + IC(0.250 ns) + CELL(0.393 ns) = 9.624 ns; Loc. = LCCOMB_X28_Y35_N12; Fanout = 1; REG Node = 'RegWrite$latch'
        Info: Total cell delay = 2.180 ns ( 22.65 % )
        Info: Total interconnect delay = 7.444 ns ( 77.35 % )
    Info: + Micro setup delay of destination is 0.858 ns
    Info: - Shortest clock path from clock "opcode[5]" to destination register is 4.508 ns
        Info: 1: + IC(0.000 ns) + CELL(0.830 ns) = 0.830 ns; Loc. = PIN_G14; Fanout = 10; CLK Node = 'opcode[5]'
        Info: 2: + IC(1.293 ns) + CELL(0.150 ns) = 2.273 ns; Loc. = LCCOMB_X32_Y35_N16; Fanout = 1; COMB Node = 'always0~0'
        Info: 3: + IC(0.703 ns) + CELL(0.000 ns) = 2.976 ns; Loc. = CLKCTRL_G8; Fanout = 6; COMB Node = 'always0~0clkctrl'
        Info: 4: + IC(1.382 ns) + CELL(0.150 ns) = 4.508 ns; Loc. = LCCOMB_X28_Y35_N12; Fanout = 1; REG Node = 'RegWrite$latch'
        Info: Total cell delay = 1.130 ns ( 25.07 % )
        Info: Total interconnect delay = 3.378 ns ( 74.93 % )
Info: tco from clock "shamt[0]" to destination pin "ALUOp[0]" through register "ALUOp[0]$latch" is 12.333 ns
    Info: + Longest clock path from clock "shamt[0]" to source register is 8.273 ns
        Info: 1: + IC(0.000 ns) + CELL(0.832 ns) = 0.832 ns; Loc. = PIN_F21; Fanout = 1; CLK Node = 'shamt[0]'
        Info: 2: + IC(1.868 ns) + CELL(0.438 ns) = 3.138 ns; Loc. = LCCOMB_X28_Y35_N8; Fanout = 1; COMB Node = 'LessThan0~0'
        Info: 3: + IC(0.256 ns) + CELL(0.275 ns) = 3.669 ns; Loc. = LCCOMB_X28_Y35_N0; Fanout = 4; COMB Node = 'always0~2'
        Info: 4: + IC(0.501 ns) + CELL(0.275 ns) = 4.445 ns; Loc. = LCCOMB_X27_Y35_N30; Fanout = 2; COMB Node = 'ALUOp[2]~20'
        Info: 5: + IC(0.421 ns) + CELL(0.275 ns) = 5.141 ns; Loc. = LCCOMB_X28_Y35_N10; Fanout = 1; COMB Node = 'ALUOp[3]~21'
        Info: 6: + IC(0.265 ns) + CELL(0.438 ns) = 5.844 ns; Loc. = LCCOMB_X28_Y35_N18; Fanout = 1; COMB Node = 'ALUOp[3]~23'
        Info: 7: + IC(0.900 ns) + CELL(0.000 ns) = 6.744 ns; Loc. = CLKCTRL_G10; Fanout = 4; COMB Node = 'ALUOp[3]~23clkctrl'
        Info: 8: + IC(1.379 ns) + CELL(0.150 ns) = 8.273 ns; Loc. = LCCOMB_X27_Y35_N18; Fanout = 1; REG Node = 'ALUOp[0]$latch'
        Info: Total cell delay = 2.683 ns ( 32.43 % )
        Info: Total interconnect delay = 5.590 ns ( 67.57 % )
    Info: + Micro clock to output delay of source is 0.000 ns
    Info: + Longest register to pin delay is 4.060 ns
        Info: 1: + IC(0.000 ns) + CELL(0.000 ns) = 0.000 ns; Loc. = LCCOMB_X27_Y35_N18; Fanout = 1; REG Node = 'ALUOp[0]$latch'
        Info: 2: + IC(1.262 ns) + CELL(2.798 ns) = 4.060 ns; Loc. = PIN_C16; Fanout = 0; PIN Node = 'ALUOp[0]'
        Info: Total cell delay = 2.798 ns ( 68.92 % )
        Info: Total interconnect delay = 1.262 ns ( 31.08 % )
Info: th for register "ALUOp[3]$latch" (data pin = "func[0]", clock pin = "shamt[0]") is 4.754 ns
    Info: + Longest clock path from clock "shamt[0]" to destination register is 8.268 ns
        Info: 1: + IC(0.000 ns) + CELL(0.832 ns) = 0.832 ns; Loc. = PIN_F21; Fanout = 1; CLK Node = 'shamt[0]'
        Info: 2: + IC(1.868 ns) + CELL(0.438 ns) = 3.138 ns; Loc. = LCCOMB_X28_Y35_N8; Fanout = 1; COMB Node = 'LessThan0~0'
        Info: 3: + IC(0.256 ns) + CELL(0.275 ns) = 3.669 ns; Loc. = LCCOMB_X28_Y35_N0; Fanout = 4; COMB Node = 'always0~2'
        Info: 4: + IC(0.501 ns) + CELL(0.275 ns) = 4.445 ns; Loc. = LCCOMB_X27_Y35_N30; Fanout = 2; COMB Node = 'ALUOp[2]~20'
        Info: 5: + IC(0.421 ns) + CELL(0.275 ns) = 5.141 ns; Loc. = LCCOMB_X28_Y35_N10; Fanout = 1; COMB Node = 'ALUOp[3]~21'
        Info: 6: + IC(0.265 ns) + CELL(0.438 ns) = 5.844 ns; Loc. = LCCOMB_X28_Y35_N18; Fanout = 1; COMB Node = 'ALUOp[3]~23'
        Info: 7: + IC(0.900 ns) + CELL(0.000 ns) = 6.744 ns; Loc. = CLKCTRL_G10; Fanout = 4; COMB Node = 'ALUOp[3]~23clkctrl'
        Info: 8: + IC(1.374 ns) + CELL(0.150 ns) = 8.268 ns; Loc. = LCCOMB_X28_Y35_N16; Fanout = 1; REG Node = 'ALUOp[3]$latch'
        Info: Total cell delay = 2.683 ns ( 32.45 % )
        Info: Total interconnect delay = 5.585 ns ( 67.55 % )
    Info: + Micro hold delay of destination is 0.000 ns
    Info: - Shortest pin to register delay is 3.514 ns
        Info: 1: + IC(0.000 ns) + CELL(0.840 ns) = 0.840 ns; Loc. = PIN_C12; Fanout = 12; CLK Node = 'func[0]'
        Info: 2: + IC(1.259 ns) + CELL(0.150 ns) = 2.249 ns; Loc. = LCCOMB_X27_Y35_N16; Fanout = 2; COMB Node = 'ALUOp[3]~18'
        Info: 3: + IC(0.448 ns) + CELL(0.150 ns) = 2.847 ns; Loc. = LCCOMB_X28_Y35_N22; Fanout = 1; COMB Node = 'ALUOp[3]~34'
        Info: 4: + IC(0.248 ns) + CELL(0.419 ns) = 3.514 ns; Loc. = LCCOMB_X28_Y35_N16; Fanout = 1; REG Node = 'ALUOp[3]$latch'
        Info: Total cell delay = 1.559 ns ( 44.37 % )
        Info: Total interconnect delay = 1.955 ns ( 55.63 % )
Info: Quartus II Classic Timing Analyzer was successful. 0 errors, 14 warnings
    Info: Peak virtual memory: 163 megabytes
    Info: Processing ended: Thu Oct 21 03:46:01 2010
    Info: Elapsed time: 00:00:01
    Info: Total CPU time (on all processors): 00:00:00


